// Jest Snapshot v1, https://goo.gl/fbAQLP

exports[`SearchHeroPage tests Should show with default values 1`] = `
<div>
  <h1>
    Search
  </h1>
  <hr />
  <div
    class="row"
  >
    <div
      class="col-5"
    >
      <h4>
        Searching
      </h4>
      <hr />
      <form>
        <input
          autocomplete="off"
          class="form-control"
          name="searchText"
          placeholder="Search hero"
          type="text"
          value=""
        />
        <button
          class="btn btn-outline-primary mt-1"
        >
          Search
        </button>
      </form>
    </div>
    <div
      class="col-7"
    >
      <h4>
        Results
      </h4>
      <hr />
      <div
        aria-label="no-heros"
        class="alert alert-primary animate__animated animate__fadeInRight"
      >
        Search a hero
      </div>
      <div
        aria-label="no-heros-found"
        class="alert alert-danger animate__animated animate__fadeInRight"
        style="display: none;"
      >
        There is not results with 
      </div>
    </div>
  </div>
</div>
`;
